
Discarded input sections

 .bss           0x0000000000000000        0x0 build/mailbox.o
 .ARM.attributes
                0x0000000000000000       0x14 build/mailbox.o
 .bss           0x0000000000000000        0x0 build/frame_buffer.o
 .ARM.attributes
                0x0000000000000000       0x14 build/frame_buffer.o
 .bss           0x0000000000000000        0x0 build/gpio.o
 .ARM.attributes
                0x0000000000000000       0x14 build/gpio.o
 .bss           0x0000000000000000        0x0 build/main.o
 .ARM.attributes
                0x0000000000000000       0x14 build/main.o

Memory Configuration

Name             Origin             Length             Attributes
*default*        0x0000000000000000 0xffffffffffffffff

Linker script and memory map

LOAD build/mailbox.o
LOAD build/frame_buffer.o
LOAD build/gpio.o
LOAD build/main.o

.init           0x0000000000008000       0x40
 *(.init)
 .init          0x0000000000008000       0x3c build/gpio.o
                0x0000000000008000                flashACT
 .init          0x000000000000803c        0x4 build/main.o
                0x000000000000803c                _start

.text           0x0000000000008040      0x144
 *(.text)
 .text          0x0000000000008040       0x78 build/mailbox.o
                0x0000000000008040                GetMailboxBase
                0x0000000000008048                MailboxWrite
                0x000000000000807c                MailboxRead
 .text          0x00000000000080b8       0x5c build/frame_buffer.o
                0x00000000000080b8                InitialiseFrameBuffer
 .text          0x0000000000008114        0x0 build/gpio.o
 .text          0x0000000000008114       0x70 build/main.o

.data           0x0000000000009000     0x1000
 *(.data)
 .data          0x0000000000009000        0x0 build/mailbox.o
 .data          0x0000000000009000     0x1000 build/frame_buffer.o
                0x0000000000009000                FrameBufferInfo
 .data          0x000000000000a000        0x0 build/gpio.o
 .data          0x000000000000a000        0x0 build/main.o

/DISCARD/
 *(*)
OUTPUT(build/output.elf elf32-littlearm)
