
Discarded input sections

 .bss           0x0000000000000000        0x0 build/main.o
 .ARM.attributes
                0x0000000000000000       0x14 build/main.o
 .bss           0x0000000000000000        0x0 build/mailbox.o
 .ARM.attributes
                0x0000000000000000       0x14 build/mailbox.o
 .bss           0x0000000000000000        0x0 build/frame_buffer.o
 .ARM.attributes
                0x0000000000000000       0x14 build/frame_buffer.o
 .bss           0x0000000000000000        0x0 build/gpio.o
 .ARM.attributes
                0x0000000000000000       0x14 build/gpio.o

Memory Configuration

Name             Origin             Length             Attributes
*default*        0x0000000000000000 0xffffffffffffffff

Linker script and memory map

LOAD build/main.o
LOAD build/mailbox.o
LOAD build/frame_buffer.o
LOAD build/gpio.o

.init           0x0000000000008000       0x4c
 *(.init)
 .init          0x0000000000008000        0x4 build/main.o
                0x0000000000008000                _start
 .init          0x0000000000008004       0x48 build/gpio.o
                0x0000000000008004                flashACT

.text           0x000000000000804c      0x158
 *(.text)
 .text          0x000000000000804c       0x80 build/main.o
 .text          0x00000000000080cc       0x78 build/mailbox.o
                0x00000000000080cc                GetMailboxBase
                0x00000000000080d4                MailboxWrite
                0x0000000000008108                MailboxRead
 .text          0x0000000000008144       0x60 build/frame_buffer.o
                0x0000000000008144                InitialiseFrameBuffer
 .text          0x00000000000081a4        0x0 build/gpio.o

.data           0x0000000000009000     0x1000
 *(.data)
 .data          0x0000000000009000        0x0 build/main.o
 .data          0x0000000000009000        0x0 build/mailbox.o
 .data          0x0000000000009000     0x1000 build/frame_buffer.o
                0x0000000000009000                FrameBufferInfo
 .data          0x000000000000a000        0x0 build/gpio.o

/DISCARD/
 *(*)
OUTPUT(build/output.elf elf32-littlearm)
